  8.5 PANW                                                               [GROSS] Total: $11,293.13
  PANW $396.25 ▼ 0.3%                                      Current $3,368.13 · Potential $7,925.00
┌───────────────────────────────────────────────────────────╭──────────────────────────────────────╮
│ Acquired    Symbol    From              Shares        Cost│ PANW of 2026-01-15                   │
│───────────────────────────────────────────────────────────│                                      │
│ 2026-01-15  PANW      Payout                 6     $380.12│ Shares                               │
│ 2026-02-15  PANW                           2.5           -│ From                          Payout │
│                                                           │ Acquired                           6 │
│                                                           │ Sold                               0 │
│                                                           │ Left                               6 │
│                                                           │                                      │
│                                                           │ Value                                │
│                                                           │ Cost per share               $380.12 │
│                                                           │ Price per share              $396.25 │
│                                                           │ Value of what is left      $2,377.50 │
│                                                           │ Gain                          $96.78 │
│                                                           │                               ▲ 4.2% │
└───────────────────────────────────────────────────────────╰──────────────────────────────────────╯
↑/k up • ↓/j down • q quit
a add • e edit • s sell • d delete • esc close
