  8.5 PANW                                                               [GROSS] Total: $11,293.13
  PANW $396.25 ▼ 0.3%                                      Current $3,368.13 · Potential $7,925.00
┌──────────────────────────────────────────────────────────────────────────────────────────────────┐
│ Acquired    Symbol    From              Shares        Cost       Price      Gain           Value │
│──────────────────────────────────────────────────────────────────────────────────────────────────│
│ 2026-01-15  PANW      Payout                 6     $380.12     $396.25     +4.2%       $2,377.50 │
│ 2026-02-15  PANW                           2.5           -     $396.25         -         $990.63 │
│                                                                                                  │
│                               ╭──────────────────────────────────╮                               │
│                               │ Delete lot                       │                               │
│                               │ Delete the 6 PANW of 2026-01-15? │                               │
│                               ╰──────────────────────────────────╯                               │
│                                                                                                  │
│                                                                                                  │
│                                                                                                  │
│                                                                                                  │
│                                                                                                  │
└──────────────────────────────────────────────────────────────────────────────────────────────────┘
y delete • n cancel

