  Realized $1,213.20 · gain +$72.84                                              Total: $10,104.38
  PANW $396.25 ▼ 0.3%                              Current $2,179.38 · Potential (gross) $7,925.00
┌──────────────────────────────────────────────────────────────────────────────────────────────────┐
│ Sold on     Symbol    From                    Shares       Price        Proceeds            Gain │
│──────────────────────────────────────────────────────────────────────────────────────────────────│
│ 2026-03-02  PANW      Payout                       2     $401.50         $803.00         +$42.76 │
│ 2026-09-15  PANW      Payout                       1     $410.20         $410.20         +$30.08 │
│                                                                                                  │
│                                                                                                  │
│                                                                                                  │
│                                                                                                  │
│                                                                                                  │
│                                                                                                  │
│                                                                                                  │
│                                                                                                  │
│                                                                                                  │
│                                                                                                  │
└──────────────────────────────────────────────────────────────────────────────────────────────────┘
↑/k up • ↓/j down • q quit
d delete
