  8.5 PANW                                                                       Total: $11,293.13
  PANW $396.25 ▼ 0.3%                              Current $3,368.13 · Potential (gross) $7,925.00
┌──────────────────────────────────────────────────────────────────────────────────────────────────┐
│ Acquired    Symbol    From              Shares        Cost       Price      Gain           Value │
│──────────────────────────────────────────────────────────────────────────────────────────────────│
│ 2026-01-15  PANW      Payout                 6     $380.12     $396.25     +4.2%       $2,377.50 │
│ 2026-02-15  PANW                           2.5           -     $396.25         -         $990.63 │
│                                                                                                  │
│                                                                                                  │
│                                                                                                  │
│                                                                                                  │
│                                                                                                  │
│                                                                                                  │
│                                                                                                  │
│                                                                                                  │
│                                                                                                  │
│                                                                                                  │
└──────────────────────────────────────────────────────────────────────────────────────────────────┘
↑/k up • ↓/j down • q quit
a add • e edit • s sell • d delete
