  1 vest pending release · 1 vest to come, the next on 2026-12-15                Total: $11,293.13
  PANW $396.25 ▼ 0.3%                                      Current $3,368.13 · Potential $7,925.00
┌──────────────────────────────────────────────────────────────────────────────────────────────────┐
│ Vests on    Grant                           Shares           Value       After tax  Due          │
│──────────────────────────────────────────────────────────────────────────────────────────────────│
│ 2026-11-15  Payout                              10       $3,962.50       $2,207.11  in 44 days   │
│ 2026-12-15  Payout                              10       $3,962.50       $2,207.11  in 2 months  │
│                                                                                                  │
│                   ╭──────────────────────────────────────────────────────────╮                   │
│                   │ Shares released on 2026-11-15                            │                   │
│                   │ 10                                                       │                   │
│                   ╰──────────────────────────────────────────────────────────╯                   │
│                                                                                                  │
│                                                                                                  │
│                                                                                                  │
│                                                                                                  │
│                                                                                                  │
└──────────────────────────────────────────────────────────────────────────────────────────────────┘
enter release • esc cancel

