  8.5 PANW                                                                       Total: $11,293.13
  PANW $396.25 ▼ 0.3%                              Current $3,368.13 · Potential (gross) $7,925.00
┌──────────────────────────────────────────────────────────────────────────────────────────────────┐
│ Acquired    Symbol    From              Shares        Cost       Price      Gain           Value │
│──────────────────────────────────────────────────────────────────────────────────────────────────│
│ 2026-01-15  PANW    ╭──────────────────────────────────────────────────────╮4.2%       $2,377.50 │
│ 2026-02-15  PANW    │ Sell PANW of 2026-01-15                              │   -         $990.63 │
│                     │ Shares  4                                            │                     │
│                     │ Price   396.25                                       │                     │
│                     │ Date    2026-10-02                                   │                     │
│                     │ Notes                                                │                     │
│                     │                                                      │                     │
│                     │                                                      │                     │
│                     ╰──────────────────────────────────────────────────────╯                     │
│                                                                                                  │
│                                                                                                  │
│                                                                                                  │
└──────────────────────────────────────────────────────────────────────────────────────────────────┘
enter save • tab next field • esc cancel

