  8.5 PANW                                                                       Total: $11,293.13
  PANW $396.25 ▼ 0.3%                              Current $3,368.13 · Potential (gross) $7,925.00
┌──────────────────────────────────────────────────────────────────────────────────────────────────┐
│ Acquired    Symbol    From              Shares        Cost       Price      Gain           Value │
│───────────────────╭──────────────────────────────────────────────────────────╮───────────────────│
│ 2026-01-15  PANW  │ Configuration                                            │2%       $2,377.50 │
│ 2026-02-15  PANW  │ > tax-rate        44.3%                                  │ -         $990.63 │
│                   │   potential       ‹ gross ›                              │                   │
│                   │   gains-tax-rate  not set                                │                   │
│                   │                                                          │                   │
│                   │ The rate that the shares still to vest are taxed at, as  │                   │
│                   │ a percentage: your estimate of the rate at the top of    │                   │
│                   │ your income.                                             │                   │
│                   │                                                          │                   │
│                   │ ↑/k up • ↓/j down • enter edit • esc close               │                   │
│                   ╰──────────────────────────────────────────────────────────╯                   │
│                                                                                                  │
└──────────────────────────────────────────────────────────────────────────────────────────────────┘
↑/k up • ↓/j down • q quit
a add • e edit • s sell • d delete
1 Holdings • 2 Vesting • 3 Grants • 4 Sales • c Configuration